2026-05-31 19:15:38.937 +03:00 [WRN] Sensitive data logging is enabled. Log entries and exception messages may include sensitive application data; this mode should only be enabled during development.
2026-05-31 19:15:39.098 +03:00 [WRN] The entity type 'Address' is an optional dependent using table sharing without any required non shared column that could be used to identify whether the entity exists. If all nullable properties contain a 'null' value in database then an object instance won't be created in the query. Add a required property to create instances with 'null' values for other properties or mark the incoming navigation as required to always create an instance.
2026-05-31 19:15:39.112 +03:00 [WRN] No store type was specified for the decimal property 'Price' on entity type 'Dish'. This will cause values to be silently truncated if they do not fit in the default precision and scale. Explicitly specify the SQL server column type that can accommodate all the values in 'OnModelCreating' using 'HasColumnType', specify precision and scale using 'HasPrecision', or configure a value converter using 'HasConversion'.
2026-05-31 19:15:41.036 +03:00 [INF] Executed DbCommand (31ms) [Parameters=[], CommandType='"Text"', CommandTimeout='30']
SELECT 1
2026-05-31 19:15:41.486 +03:00 [INF] Executed DbCommand (23ms) [Parameters=[], CommandType='"Text"', CommandTimeout='30']
SELECT CASE
    WHEN EXISTS (
        SELECT 1
        FROM [Restaurants] AS [r]) THEN CAST(1 AS bit)
    ELSE CAST(0 AS bit)
END
2026-05-31 19:15:41.508 +03:00 [INF] Executed DbCommand (4ms) [Parameters=[], CommandType='"Text"', CommandTimeout='30']
SELECT CASE
    WHEN EXISTS (
        SELECT 1
        FROM [AspNetRoles] AS [a]) THEN CAST(1 AS bit)
    ELSE CAST(0 AS bit)
END
2026-05-31 19:15:43.977 +03:00 [INF] HTTP GET / responded 404 in 66.7549 ms
2026-05-31 19:15:57.759 +03:00 [INF] HTTP GET /swagger/index.html responded 304 in 82.0124 ms
2026-05-31 19:15:57.836 +03:00 [INF] HTTP GET /swagger/index.js responded 304 in 48.6130 ms
2026-05-31 19:15:57.893 +03:00 [INF] HTTP GET /swagger/index.css responded 304 in 105.3249 ms
2026-05-31 19:15:57.893 +03:00 [INF] HTTP GET /swagger/swagger-ui-standalone-preset.js responded 304 in 105.4950 ms
2026-05-31 19:15:57.893 +03:00 [INF] HTTP GET /swagger/swagger-ui.css responded 304 in 105.3232 ms
2026-05-31 19:15:57.914 +03:00 [INF] HTTP GET /swagger/swagger-ui-bundle.js responded 304 in 126.6171 ms
2026-05-31 19:15:58.252 +03:00 [INF] HTTP GET /swagger/v1/swagger.json responded 200 in 221.3827 ms
2026-05-31 19:16:12.168 +03:00 [INF] HTTP DELETE /api/Identity/un-assign-user-role responded 401 in 18.0472 ms
