2026-05-25 16:01:11.497 +03:00 [WRN] Sensitive data logging is enabled. Log entries and exception messages may include sensitive application data; this mode should only be enabled during development.
2026-05-25 16:01:11.666 +03:00 [WRN] The entity type 'Address' is an optional dependent using table sharing without any required non shared column that could be used to identify whether the entity exists. If all nullable properties contain a 'null' value in database then an object instance won't be created in the query. Add a required property to create instances with 'null' values for other properties or mark the incoming navigation as required to always create an instance.
2026-05-25 16:01:11.712 +03:00 [WRN] No store type was specified for the decimal property 'Price' on entity type 'Dish'. This will cause values to be silently truncated if they do not fit in the default precision and scale. Explicitly specify the SQL server column type that can accommodate all the values in 'OnModelCreating' using 'HasColumnType', specify precision and scale using 'HasPrecision', or configure a value converter using 'HasConversion'.
2026-05-25 16:01:14.363 +03:00 [INF] Executed DbCommand (64ms) [Parameters=[], CommandType='"Text"', CommandTimeout='30']
SELECT 1
2026-05-25 16:01:14.945 +03:00 [INF] Executed DbCommand (22ms) [Parameters=[], CommandType='"Text"', CommandTimeout='30']
SELECT CASE
    WHEN EXISTS (
        SELECT 1
        FROM [Restaurants] AS [r]) THEN CAST(1 AS bit)
    ELSE CAST(0 AS bit)
END
2026-05-25 16:01:19.050 +03:00 [INF] HTTP GET / responded 404 in 54.6896 ms
2026-05-25 16:01:25.318 +03:00 [INF] HTTP GET /swagger/index.html responded 304 in 145.9497 ms
2026-05-25 16:01:25.377 +03:00 [INF] HTTP GET /swagger/swagger-ui.css responded 304 in 13.7491 ms
2026-05-25 16:01:25.377 +03:00 [INF] HTTP GET /swagger/index.css responded 304 in 13.7184 ms
2026-05-25 16:01:25.393 +03:00 [INF] HTTP GET /swagger/swagger-ui-bundle.js responded 304 in 29.2562 ms
2026-05-25 16:01:25.474 +03:00 [INF] HTTP GET /swagger/index.js responded 304 in 0.9799 ms
2026-05-25 16:01:25.474 +03:00 [INF] HTTP GET /swagger/swagger-ui-standalone-preset.js responded 304 in 29.9210 ms
2026-05-25 16:01:25.883 +03:00 [INF] HTTP GET /swagger/v1/swagger.json responded 200 in 39.2106 ms
2026-05-25 16:01:34.810 +03:00 [WRN] You do not have a valid license key for the Lucky Penny software MediatR. This is allowed for development and testing scenarios. If you are running in production you are required to have a licensed version. Please visit https://luckypennysoftware.com to obtain a valid license.
2026-05-25 16:01:35.128 +03:00 [INF] getting restaurant of id:100
2026-05-25 16:01:35.726 +03:00 [INF] Executed DbCommand (66ms) [Parameters=[@id='100'], CommandType='"Text"', CommandTimeout='30']
SELECT [r0].[Id], [r0].[Category], [r0].[ContactEmail], [r0].[ContactNumber], [r0].[Description], [r0].[HasDelivery], [r0].[Name], [r0].[Address_City], [r0].[Address_PostalCode], [r0].[Address_Street], [d].[Id], [d].[Description], [d].[KiloCalories], [d].[Name], [d].[Price], [d].[RestaurantId]
FROM (
    SELECT TOP(1) [r].[Id], [r].[Category], [r].[ContactEmail], [r].[ContactNumber], [r].[Description], [r].[HasDelivery], [r].[Name], [r].[Address_City], [r].[Address_PostalCode], [r].[Address_Street]
    FROM [Restaurants] AS [r]
    WHERE [r].[Id] = @id
) AS [r0]
LEFT JOIN [Dishes] AS [d] ON [r0].[Id] = [d].[RestaurantId]
ORDER BY [r0].[Id]
2026-05-25 16:01:54.807 +03:00 [ERR] HTTP GET /api/Restaurants/get-restaurant/100 responded 500 in 20079.0200 ms
Restaurant.Domain.Exceptions.NotFoundException: Restaurant with Id: 100 does not exist
   at Restaurant.Application.Restaurants.Queries.GetRestaurantById.GetRestaurantByIdQueryHandler.Handle(GetRestaurantByIdQuery request, CancellationToken cancellationToken) in C:\Users\USER\OneDrive\Desktop\VisualStudioFolder\vsPorjects\IndividualProjects\RestaurantProject\Restaurant.Application\Restaurants\Queries\GetRestaurantById\GetRestaurantByIdQueryHandler.cs:line 16
   at Restaurant.API.Controllers.RestaurantsController.GetRestaurantById(Int32 id) in C:\Users\USER\OneDrive\Desktop\VisualStudioFolder\vsPorjects\IndividualProjects\RestaurantProject\Restaurant.API\Controllers\RestaurantsController.cs:line 26
   at lambda_method13(Closure, Object)
   at Microsoft.AspNetCore.Mvc.Infrastructure.ActionMethodExecutor.AwaitableObjectResultExecutor.Execute(ActionContext actionContext, IActionResultTypeMapper mapper, ObjectMethodExecutor executor, Object controller, Object[] arguments)
   at Microsoft.AspNetCore.Mvc.Infrastructure.ControllerActionInvoker.<InvokeActionMethodAsync>g__Awaited|12_0(ControllerActionInvoker invoker, ValueTask`1 actionResultValueTask)
   at Microsoft.AspNetCore.Mvc.Infrastructure.ControllerActionInvoker.<InvokeNextActionFilterAsync>g__Awaited|10_0(ControllerActionInvoker invoker, Task lastTask, State next, Scope scope, Object state, Boolean isCompleted)
   at Microsoft.AspNetCore.Mvc.Infrastructure.ControllerActionInvoker.Rethrow(ActionExecutedContextSealed context)
   at Microsoft.AspNetCore.Mvc.Infrastructure.ControllerActionInvoker.Next(State& next, Scope& scope, Object& state, Boolean& isCompleted)
   at Microsoft.AspNetCore.Mvc.Infrastructure.ControllerActionInvoker.<InvokeInnerFilterAsync>g__Awaited|13_0(ControllerActionInvoker invoker, Task lastTask, State next, Scope scope, Object state, Boolean isCompleted)
   at Microsoft.AspNetCore.Mvc.Infrastructure.ResourceInvoker.<InvokeFilterPipelineAsync>g__Awaited|20_0(ResourceInvoker invoker, Task lastTask, State next, Scope scope, Object state, Boolean isCompleted)
   at Microsoft.AspNetCore.Mvc.Infrastructure.ResourceInvoker.<InvokeAsync>g__Awaited|17_0(ResourceInvoker invoker, Task task, IDisposable scope)
   at Microsoft.AspNetCore.Mvc.Infrastructure.ResourceInvoker.<InvokeAsync>g__Awaited|17_0(ResourceInvoker invoker, Task task, IDisposable scope)
   at Microsoft.AspNetCore.Authorization.AuthorizationMiddleware.Invoke(HttpContext context)
   at Swashbuckle.AspNetCore.SwaggerUI.SwaggerUIMiddleware.Invoke(HttpContext httpContext)
   at Swashbuckle.AspNetCore.Swagger.SwaggerMiddleware.Invoke(HttpContext httpContext, ISwaggerProvider swaggerProvider)
   at Serilog.AspNetCore.RequestLoggingMiddleware.Invoke(HttpContext httpContext)
2026-05-25 16:01:54.914 +03:00 [ERR] Restaurant with Id: 100 does not exist
Restaurant.Domain.Exceptions.NotFoundException: Restaurant with Id: 100 does not exist
   at Restaurant.Application.Restaurants.Queries.GetRestaurantById.GetRestaurantByIdQueryHandler.Handle(GetRestaurantByIdQuery request, CancellationToken cancellationToken) in C:\Users\USER\OneDrive\Desktop\VisualStudioFolder\vsPorjects\IndividualProjects\RestaurantProject\Restaurant.Application\Restaurants\Queries\GetRestaurantById\GetRestaurantByIdQueryHandler.cs:line 16
   at Restaurant.API.Controllers.RestaurantsController.GetRestaurantById(Int32 id) in C:\Users\USER\OneDrive\Desktop\VisualStudioFolder\vsPorjects\IndividualProjects\RestaurantProject\Restaurant.API\Controllers\RestaurantsController.cs:line 26
   at lambda_method13(Closure, Object)
   at Microsoft.AspNetCore.Mvc.Infrastructure.ActionMethodExecutor.AwaitableObjectResultExecutor.Execute(ActionContext actionContext, IActionResultTypeMapper mapper, ObjectMethodExecutor executor, Object controller, Object[] arguments)
   at Microsoft.AspNetCore.Mvc.Infrastructure.ControllerActionInvoker.<InvokeActionMethodAsync>g__Awaited|12_0(ControllerActionInvoker invoker, ValueTask`1 actionResultValueTask)
   at Microsoft.AspNetCore.Mvc.Infrastructure.ControllerActionInvoker.<InvokeNextActionFilterAsync>g__Awaited|10_0(ControllerActionInvoker invoker, Task lastTask, State next, Scope scope, Object state, Boolean isCompleted)
   at Microsoft.AspNetCore.Mvc.Infrastructure.ControllerActionInvoker.Rethrow(ActionExecutedContextSealed context)
   at Microsoft.AspNetCore.Mvc.Infrastructure.ControllerActionInvoker.Next(State& next, Scope& scope, Object& state, Boolean& isCompleted)
   at Microsoft.AspNetCore.Mvc.Infrastructure.ControllerActionInvoker.<InvokeInnerFilterAsync>g__Awaited|13_0(ControllerActionInvoker invoker, Task lastTask, State next, Scope scope, Object state, Boolean isCompleted)
   at Microsoft.AspNetCore.Mvc.Infrastructure.ResourceInvoker.<InvokeFilterPipelineAsync>g__Awaited|20_0(ResourceInvoker invoker, Task lastTask, State next, Scope scope, Object state, Boolean isCompleted)
   at Microsoft.AspNetCore.Mvc.Infrastructure.ResourceInvoker.<InvokeAsync>g__Awaited|17_0(ResourceInvoker invoker, Task task, IDisposable scope)
   at Microsoft.AspNetCore.Mvc.Infrastructure.ResourceInvoker.<InvokeAsync>g__Awaited|17_0(ResourceInvoker invoker, Task task, IDisposable scope)
   at Microsoft.AspNetCore.Authorization.AuthorizationMiddleware.Invoke(HttpContext context)
   at Swashbuckle.AspNetCore.SwaggerUI.SwaggerUIMiddleware.Invoke(HttpContext httpContext)
   at Swashbuckle.AspNetCore.Swagger.SwaggerMiddleware.Invoke(HttpContext httpContext, ISwaggerProvider swaggerProvider)
   at Serilog.AspNetCore.RequestLoggingMiddleware.Invoke(HttpContext httpContext)
   at Restaurant.API.Middlewares.ErrorHandlingMiddleware.InvokeAsync(HttpContext context, RequestDelegate next) in C:\Users\USER\OneDrive\Desktop\VisualStudioFolder\vsPorjects\IndividualProjects\RestaurantProject\Restaurant.API\Middlewares\ErrorHandlingMiddleware.cs:line 11
2026-05-25 16:06:24.627 +03:00 [WRN] Sensitive data logging is enabled. Log entries and exception messages may include sensitive application data; this mode should only be enabled during development.
2026-05-25 16:06:24.755 +03:00 [WRN] The entity type 'Address' is an optional dependent using table sharing without any required non shared column that could be used to identify whether the entity exists. If all nullable properties contain a 'null' value in database then an object instance won't be created in the query. Add a required property to create instances with 'null' values for other properties or mark the incoming navigation as required to always create an instance.
2026-05-25 16:06:24.772 +03:00 [WRN] No store type was specified for the decimal property 'Price' on entity type 'Dish'. This will cause values to be silently truncated if they do not fit in the default precision and scale. Explicitly specify the SQL server column type that can accommodate all the values in 'OnModelCreating' using 'HasColumnType', specify precision and scale using 'HasPrecision', or configure a value converter using 'HasConversion'.
2026-05-25 16:06:25.509 +03:00 [INF] Executed DbCommand (58ms) [Parameters=[], CommandType='"Text"', CommandTimeout='30']
SELECT 1
2026-05-25 16:06:26.125 +03:00 [INF] Executed DbCommand (30ms) [Parameters=[], CommandType='"Text"', CommandTimeout='30']
SELECT CASE
    WHEN EXISTS (
        SELECT 1
        FROM [Restaurants] AS [r]) THEN CAST(1 AS bit)
    ELSE CAST(0 AS bit)
END
2026-05-25 16:06:28.519 +03:00 [INF] HTTP GET / responded 404 in 28.8724 ms
2026-05-25 16:06:33.354 +03:00 [INF] HTTP GET /swagger/index.html responded 304 in 105.8268 ms
2026-05-25 16:06:33.402 +03:00 [INF] HTTP GET /swagger/swagger-ui.css responded 304 in 13.5478 ms
2026-05-25 16:06:33.402 +03:00 [INF] HTTP GET /swagger/index.css responded 304 in 13.5018 ms
2026-05-25 16:06:33.408 +03:00 [INF] HTTP GET /swagger/swagger-ui-bundle.js responded 304 in 19.1954 ms
2026-05-25 16:06:33.520 +03:00 [INF] HTTP GET /swagger/index.js responded 304 in 0.8498 ms
2026-05-25 16:06:33.521 +03:00 [INF] HTTP GET /swagger/swagger-ui-standalone-preset.js responded 304 in 28.9072 ms
2026-05-25 16:06:33.736 +03:00 [INF] HTTP GET /swagger/v1/swagger.json responded 200 in 28.5800 ms
2026-05-25 16:06:41.708 +03:00 [WRN] You do not have a valid license key for the Lucky Penny software MediatR. This is allowed for development and testing scenarios. If you are running in production you are required to have a licensed version. Please visit https://luckypennysoftware.com to obtain a valid license.
2026-05-25 16:06:41.929 +03:00 [INF] getting restaurant of id:122
2026-05-25 16:06:42.360 +03:00 [INF] Executed DbCommand (57ms) [Parameters=[@id='122'], CommandType='"Text"', CommandTimeout='30']
SELECT [r0].[Id], [r0].[Category], [r0].[ContactEmail], [r0].[ContactNumber], [r0].[Description], [r0].[HasDelivery], [r0].[Name], [r0].[Address_City], [r0].[Address_PostalCode], [r0].[Address_Street], [d].[Id], [d].[Description], [d].[KiloCalories], [d].[Name], [d].[Price], [d].[RestaurantId]
FROM (
    SELECT TOP(1) [r].[Id], [r].[Category], [r].[ContactEmail], [r].[ContactNumber], [r].[Description], [r].[HasDelivery], [r].[Name], [r].[Address_City], [r].[Address_PostalCode], [r].[Address_Street]
    FROM [Restaurants] AS [r]
    WHERE [r].[Id] = @id
) AS [r0]
LEFT JOIN [Dishes] AS [d] ON [r0].[Id] = [d].[RestaurantId]
ORDER BY [r0].[Id]
2026-05-25 16:06:46.033 +03:00 [ERR] HTTP GET /api/Restaurants/get-restaurant/122 responded 500 in 4369.4924 ms
Restaurant.Domain.Exceptions.NotFoundException: Restaurant with id: 122 does not exist!
   at Restaurant.Application.Restaurants.Queries.GetRestaurantById.GetRestaurantByIdQueryHandler.Handle(GetRestaurantByIdQuery request, CancellationToken cancellationToken) in C:\Users\USER\OneDrive\Desktop\VisualStudioFolder\vsPorjects\IndividualProjects\RestaurantProject\Restaurant.Application\Restaurants\Queries\GetRestaurantById\GetRestaurantByIdQueryHandler.cs:line 16
   at Restaurant.API.Controllers.RestaurantsController.GetRestaurantById(Int32 id) in C:\Users\USER\OneDrive\Desktop\VisualStudioFolder\vsPorjects\IndividualProjects\RestaurantProject\Restaurant.API\Controllers\RestaurantsController.cs:line 26
   at lambda_method13(Closure, Object)
   at Microsoft.AspNetCore.Mvc.Infrastructure.ActionMethodExecutor.AwaitableObjectResultExecutor.Execute(ActionContext actionContext, IActionResultTypeMapper mapper, ObjectMethodExecutor executor, Object controller, Object[] arguments)
   at Microsoft.AspNetCore.Mvc.Infrastructure.ControllerActionInvoker.<InvokeActionMethodAsync>g__Awaited|12_0(ControllerActionInvoker invoker, ValueTask`1 actionResultValueTask)
   at Microsoft.AspNetCore.Mvc.Infrastructure.ControllerActionInvoker.<InvokeNextActionFilterAsync>g__Awaited|10_0(ControllerActionInvoker invoker, Task lastTask, State next, Scope scope, Object state, Boolean isCompleted)
   at Microsoft.AspNetCore.Mvc.Infrastructure.ControllerActionInvoker.Rethrow(ActionExecutedContextSealed context)
   at Microsoft.AspNetCore.Mvc.Infrastructure.ControllerActionInvoker.Next(State& next, Scope& scope, Object& state, Boolean& isCompleted)
   at Microsoft.AspNetCore.Mvc.Infrastructure.ControllerActionInvoker.<InvokeInnerFilterAsync>g__Awaited|13_0(ControllerActionInvoker invoker, Task lastTask, State next, Scope scope, Object state, Boolean isCompleted)
   at Microsoft.AspNetCore.Mvc.Infrastructure.ResourceInvoker.<InvokeFilterPipelineAsync>g__Awaited|20_0(ResourceInvoker invoker, Task lastTask, State next, Scope scope, Object state, Boolean isCompleted)
   at Microsoft.AspNetCore.Mvc.Infrastructure.ResourceInvoker.<InvokeAsync>g__Awaited|17_0(ResourceInvoker invoker, Task task, IDisposable scope)
   at Microsoft.AspNetCore.Mvc.Infrastructure.ResourceInvoker.<InvokeAsync>g__Awaited|17_0(ResourceInvoker invoker, Task task, IDisposable scope)
   at Microsoft.AspNetCore.Authorization.AuthorizationMiddleware.Invoke(HttpContext context)
   at Swashbuckle.AspNetCore.SwaggerUI.SwaggerUIMiddleware.Invoke(HttpContext httpContext)
   at Swashbuckle.AspNetCore.Swagger.SwaggerMiddleware.Invoke(HttpContext httpContext, ISwaggerProvider swaggerProvider)
   at Serilog.AspNetCore.RequestLoggingMiddleware.Invoke(HttpContext httpContext)
2026-05-25 16:06:46.149 +03:00 [ERR] Restaurant with id: 122 does not exist!
Restaurant.Domain.Exceptions.NotFoundException: Restaurant with id: 122 does not exist!
   at Restaurant.Application.Restaurants.Queries.GetRestaurantById.GetRestaurantByIdQueryHandler.Handle(GetRestaurantByIdQuery request, CancellationToken cancellationToken) in C:\Users\USER\OneDrive\Desktop\VisualStudioFolder\vsPorjects\IndividualProjects\RestaurantProject\Restaurant.Application\Restaurants\Queries\GetRestaurantById\GetRestaurantByIdQueryHandler.cs:line 16
   at Restaurant.API.Controllers.RestaurantsController.GetRestaurantById(Int32 id) in C:\Users\USER\OneDrive\Desktop\VisualStudioFolder\vsPorjects\IndividualProjects\RestaurantProject\Restaurant.API\Controllers\RestaurantsController.cs:line 26
   at lambda_method13(Closure, Object)
   at Microsoft.AspNetCore.Mvc.Infrastructure.ActionMethodExecutor.AwaitableObjectResultExecutor.Execute(ActionContext actionContext, IActionResultTypeMapper mapper, ObjectMethodExecutor executor, Object controller, Object[] arguments)
   at Microsoft.AspNetCore.Mvc.Infrastructure.ControllerActionInvoker.<InvokeActionMethodAsync>g__Awaited|12_0(ControllerActionInvoker invoker, ValueTask`1 actionResultValueTask)
   at Microsoft.AspNetCore.Mvc.Infrastructure.ControllerActionInvoker.<InvokeNextActionFilterAsync>g__Awaited|10_0(ControllerActionInvoker invoker, Task lastTask, State next, Scope scope, Object state, Boolean isCompleted)
   at Microsoft.AspNetCore.Mvc.Infrastructure.ControllerActionInvoker.Rethrow(ActionExecutedContextSealed context)
   at Microsoft.AspNetCore.Mvc.Infrastructure.ControllerActionInvoker.Next(State& next, Scope& scope, Object& state, Boolean& isCompleted)
   at Microsoft.AspNetCore.Mvc.Infrastructure.ControllerActionInvoker.<InvokeInnerFilterAsync>g__Awaited|13_0(ControllerActionInvoker invoker, Task lastTask, State next, Scope scope, Object state, Boolean isCompleted)
   at Microsoft.AspNetCore.Mvc.Infrastructure.ResourceInvoker.<InvokeFilterPipelineAsync>g__Awaited|20_0(ResourceInvoker invoker, Task lastTask, State next, Scope scope, Object state, Boolean isCompleted)
   at Microsoft.AspNetCore.Mvc.Infrastructure.ResourceInvoker.<InvokeAsync>g__Awaited|17_0(ResourceInvoker invoker, Task task, IDisposable scope)
   at Microsoft.AspNetCore.Mvc.Infrastructure.ResourceInvoker.<InvokeAsync>g__Awaited|17_0(ResourceInvoker invoker, Task task, IDisposable scope)
   at Microsoft.AspNetCore.Authorization.AuthorizationMiddleware.Invoke(HttpContext context)
   at Swashbuckle.AspNetCore.SwaggerUI.SwaggerUIMiddleware.Invoke(HttpContext httpContext)
   at Swashbuckle.AspNetCore.Swagger.SwaggerMiddleware.Invoke(HttpContext httpContext, ISwaggerProvider swaggerProvider)
   at Serilog.AspNetCore.RequestLoggingMiddleware.Invoke(HttpContext httpContext)
   at Restaurant.API.Middlewares.ErrorHandlingMiddleware.InvokeAsync(HttpContext context, RequestDelegate next) in C:\Users\USER\OneDrive\Desktop\VisualStudioFolder\vsPorjects\IndividualProjects\RestaurantProject\Restaurant.API\Middlewares\ErrorHandlingMiddleware.cs:line 11
2026-05-25 16:46:11.891 +03:00 [WRN] Sensitive data logging is enabled. Log entries and exception messages may include sensitive application data; this mode should only be enabled during development.
2026-05-25 16:46:12.060 +03:00 [WRN] The entity type 'Address' is an optional dependent using table sharing without any required non shared column that could be used to identify whether the entity exists. If all nullable properties contain a 'null' value in database then an object instance won't be created in the query. Add a required property to create instances with 'null' values for other properties or mark the incoming navigation as required to always create an instance.
2026-05-25 16:46:12.086 +03:00 [WRN] No store type was specified for the decimal property 'Price' on entity type 'Dish'. This will cause values to be silently truncated if they do not fit in the default precision and scale. Explicitly specify the SQL server column type that can accommodate all the values in 'OnModelCreating' using 'HasColumnType', specify precision and scale using 'HasPrecision', or configure a value converter using 'HasConversion'.
2026-05-25 16:46:14.228 +03:00 [INF] Executed DbCommand (44ms) [Parameters=[], CommandType='"Text"', CommandTimeout='30']
SELECT 1
2026-05-25 16:46:14.720 +03:00 [INF] Executed DbCommand (26ms) [Parameters=[], CommandType='"Text"', CommandTimeout='30']
SELECT CASE
    WHEN EXISTS (
        SELECT 1
        FROM [Restaurants] AS [r]) THEN CAST(1 AS bit)
    ELSE CAST(0 AS bit)
END
2026-05-25 16:46:17.710 +03:00 [INF] HTTP GET / responded 404 in 48.6242 ms
2026-05-25 16:46:36.530 +03:00 [INF] HTTP GET /swagger/index.html responded 304 in 135.9360 ms
2026-05-25 16:46:36.575 +03:00 [INF] HTTP GET /swagger/index.css responded 304 in 8.8787 ms
2026-05-25 16:46:36.575 +03:00 [INF] HTTP GET /swagger/swagger-ui.css responded 304 in 8.8596 ms
2026-05-25 16:46:36.579 +03:00 [INF] HTTP GET /swagger/swagger-ui-bundle.js responded 304 in 12.8704 ms
2026-05-25 16:46:36.641 +03:00 [INF] HTTP GET /swagger/swagger-ui-standalone-preset.js responded 304 in 21.8972 ms
2026-05-25 16:46:36.641 +03:00 [INF] HTTP GET /swagger/index.js responded 304 in 0.6199 ms
2026-05-25 16:46:36.911 +03:00 [INF] HTTP GET /swagger/v1/swagger.json responded 200 in 33.9934 ms
2026-05-25 16:47:02.098 +03:00 [WRN] You do not have a valid license key for the Lucky Penny software MediatR. This is allowed for development and testing scenarios. If you are running in production you are required to have a licensed version. Please visit https://luckypennysoftware.com to obtain a valid license.
2026-05-25 16:47:21.123 +03:00 [INF] Getting All restaurants
2026-05-25 16:47:21.461 +03:00 [INF] Executed DbCommand (21ms) [Parameters=[], CommandType='"Text"', CommandTimeout='30']
SELECT [r].[Id], [r].[Category], [r].[ContactEmail], [r].[ContactNumber], [r].[Description], [r].[HasDelivery], [r].[Name], [r].[Address_City], [r].[Address_PostalCode], [r].[Address_Street], [d].[Id], [d].[Description], [d].[KiloCalories], [d].[Name], [d].[Price], [d].[RestaurantId]
FROM [Restaurants] AS [r]
LEFT JOIN [Dishes] AS [d] ON [r].[Id] = [d].[RestaurantId]
ORDER BY [r].[Id]
2026-05-25 16:47:21.662 +03:00 [INF] HTTP GET /api/Restaurants/get-all responded 200 in 19615.6863 ms
2026-05-25 16:47:21.670 +03:00 [INF] Request [GET] at /api/Restaurants/get-all took 19621 ms
2026-05-25 17:36:59.935 +03:00 [WRN] Sensitive data logging is enabled. Log entries and exception messages may include sensitive application data; this mode should only be enabled during development.
2026-05-25 17:37:00.037 +03:00 [WRN] The entity type 'Address' is an optional dependent using table sharing without any required non shared column that could be used to identify whether the entity exists. If all nullable properties contain a 'null' value in database then an object instance won't be created in the query. Add a required property to create instances with 'null' values for other properties or mark the incoming navigation as required to always create an instance.
2026-05-25 17:37:00.054 +03:00 [WRN] No store type was specified for the decimal property 'Price' on entity type 'Dish'. This will cause values to be silently truncated if they do not fit in the default precision and scale. Explicitly specify the SQL server column type that can accommodate all the values in 'OnModelCreating' using 'HasColumnType', specify precision and scale using 'HasPrecision', or configure a value converter using 'HasConversion'.
2026-05-25 17:37:01.744 +03:00 [INF] Executed DbCommand (50ms) [Parameters=[], CommandType='"Text"', CommandTimeout='30']
SELECT 1
2026-05-25 17:37:02.203 +03:00 [INF] Executed DbCommand (21ms) [Parameters=[], CommandType='"Text"', CommandTimeout='30']
SELECT CASE
    WHEN EXISTS (
        SELECT 1
        FROM [Restaurants] AS [r]) THEN CAST(1 AS bit)
    ELSE CAST(0 AS bit)
END
2026-05-25 17:37:04.823 +03:00 [INF] HTTP GET / responded 404 in 34.8843 ms
2026-05-25 17:37:07.167 +03:00 [INF] HTTP GET /swagger/index.html responded 304 in 178.4817 ms
2026-05-25 17:37:07.242 +03:00 [INF] HTTP GET /swagger/swagger-ui.css responded 304 in 15.1183 ms
2026-05-25 17:37:07.242 +03:00 [INF] HTTP GET /swagger/index.css responded 304 in 15.1184 ms
2026-05-25 17:37:07.255 +03:00 [INF] HTTP GET /swagger/swagger-ui-bundle.js responded 304 in 27.5649 ms
2026-05-25 17:37:07.390 +03:00 [INF] HTTP GET /swagger/swagger-ui-standalone-preset.js responded 304 in 49.9133 ms
2026-05-25 17:37:07.391 +03:00 [INF] HTTP GET /swagger/index.js responded 304 in 0.7603 ms
2026-05-25 17:37:07.775 +03:00 [INF] HTTP GET /swagger/v1/swagger.json responded 200 in 45.9607 ms
2026-05-25 17:37:14.543 +03:00 [WRN] You do not have a valid license key for the Lucky Penny software MediatR. This is allowed for development and testing scenarios. If you are running in production you are required to have a licensed version. Please visit https://luckypennysoftware.com to obtain a valid license.
2026-05-25 17:37:14.723 +03:00 [INF] Getting All restaurants
2026-05-25 17:37:15.083 +03:00 [INF] Executed DbCommand (41ms) [Parameters=[], CommandType='"Text"', CommandTimeout='30']
SELECT [r].[Id], [r].[Category], [r].[ContactEmail], [r].[ContactNumber], [r].[Description], [r].[HasDelivery], [r].[Name], [r].[Address_City], [r].[Address_PostalCode], [r].[Address_Street], [d].[Id], [d].[Description], [d].[KiloCalories], [d].[Name], [d].[Price], [d].[RestaurantId]
FROM [Restaurants] AS [r]
LEFT JOIN [Dishes] AS [d] ON [r].[Id] = [d].[RestaurantId]
ORDER BY [r].[Id]
2026-05-25 17:37:15.349 +03:00 [INF] HTTP GET /api/Restaurants/get-all responded 200 in 849.3670 ms
2026-05-25 17:37:38.316 +03:00 [INF] Creating new dish {"RestaurantId":23,"Name":"string","Description":"string","Price":0,"KiloCalories":0,"$type":"CreateDishCommand"}
2026-05-25 17:37:38.562 +03:00 [INF] Executed DbCommand (34ms) [Parameters=[@id='23'], CommandType='"Text"', CommandTimeout='30']
SELECT [r0].[Id], [r0].[Category], [r0].[ContactEmail], [r0].[ContactNumber], [r0].[Description], [r0].[HasDelivery], [r0].[Name], [r0].[Address_City], [r0].[Address_PostalCode], [r0].[Address_Street], [d].[Id], [d].[Description], [d].[KiloCalories], [d].[Name], [d].[Price], [d].[RestaurantId]
FROM (
    SELECT TOP(1) [r].[Id], [r].[Category], [r].[ContactEmail], [r].[ContactNumber], [r].[Description], [r].[HasDelivery], [r].[Name], [r].[Address_City], [r].[Address_PostalCode], [r].[Address_Street]
    FROM [Restaurants] AS [r]
    WHERE [r].[Id] = @id
) AS [r0]
LEFT JOIN [Dishes] AS [d] ON [r0].[Id] = [d].[RestaurantId]
ORDER BY [r0].[Id]
2026-05-25 17:37:42.740 +03:00 [ERR] HTTP POST /api/restaurants/23/Dishes responded 500 in 4591.0035 ms
Restaurant.Domain.Exceptions.NotFoundException: Restaurant with id: 23 does not exist!
   at Restaurant.Application.Dishes.Commands.CreateDish.CreateDishCommandHandler.Handle(CreateDishCommand request, CancellationToken cancellationToken) in C:\Users\USER\OneDrive\Desktop\VisualStudioFolder\vsPorjects\IndividualProjects\RestaurantProject\Restaurant.Application\Dishes\Commands\CreateDish\CreateDishCommandHandler.cs:line 19
   at MediatR.Wrappers.RequestHandlerWrapperImpl`1.<>c__DisplayClass1_0.<<Handle>g__Handler|0>d.MoveNext()
--- End of stack trace from previous location ---
   at Restaurant.API.Controllers.DishesController.CreateDish(Int32 restaurantId, CreateDishCommand command) in C:\Users\USER\OneDrive\Desktop\VisualStudioFolder\vsPorjects\IndividualProjects\RestaurantProject\Restaurant.API\Controllers\DishesController.cs:line 15
   at Microsoft.AspNetCore.Mvc.Infrastructure.ActionMethodExecutor.TaskOfIActionResultExecutor.Execute(ActionContext actionContext, IActionResultTypeMapper mapper, ObjectMethodExecutor executor, Object controller, Object[] arguments)
   at Microsoft.AspNetCore.Mvc.Infrastructure.ControllerActionInvoker.<InvokeActionMethodAsync>g__Awaited|12_0(ControllerActionInvoker invoker, ValueTask`1 actionResultValueTask)
   at Microsoft.AspNetCore.Mvc.Infrastructure.ControllerActionInvoker.<InvokeNextActionFilterAsync>g__Awaited|10_0(ControllerActionInvoker invoker, Task lastTask, State next, Scope scope, Object state, Boolean isCompleted)
   at Microsoft.AspNetCore.Mvc.Infrastructure.ControllerActionInvoker.Rethrow(ActionExecutedContextSealed context)
   at Microsoft.AspNetCore.Mvc.Infrastructure.ControllerActionInvoker.Next(State& next, Scope& scope, Object& state, Boolean& isCompleted)
   at Microsoft.AspNetCore.Mvc.Infrastructure.ControllerActionInvoker.<InvokeInnerFilterAsync>g__Awaited|13_0(ControllerActionInvoker invoker, Task lastTask, State next, Scope scope, Object state, Boolean isCompleted)
   at Microsoft.AspNetCore.Mvc.Infrastructure.ResourceInvoker.<InvokeFilterPipelineAsync>g__Awaited|20_0(ResourceInvoker invoker, Task lastTask, State next, Scope scope, Object state, Boolean isCompleted)
   at Microsoft.AspNetCore.Mvc.Infrastructure.ResourceInvoker.<InvokeAsync>g__Awaited|17_0(ResourceInvoker invoker, Task task, IDisposable scope)
   at Microsoft.AspNetCore.Mvc.Infrastructure.ResourceInvoker.<InvokeAsync>g__Awaited|17_0(ResourceInvoker invoker, Task task, IDisposable scope)
   at Microsoft.AspNetCore.Authorization.AuthorizationMiddleware.Invoke(HttpContext context)
   at Swashbuckle.AspNetCore.SwaggerUI.SwaggerUIMiddleware.Invoke(HttpContext httpContext)
   at Swashbuckle.AspNetCore.Swagger.SwaggerMiddleware.Invoke(HttpContext httpContext, ISwaggerProvider swaggerProvider)
   at Serilog.AspNetCore.RequestLoggingMiddleware.Invoke(HttpContext httpContext)
2026-05-25 17:37:42.958 +03:00 [ERR] Restaurant with id: 23 does not exist!
Restaurant.Domain.Exceptions.NotFoundException: Restaurant with id: 23 does not exist!
   at Restaurant.Application.Dishes.Commands.CreateDish.CreateDishCommandHandler.Handle(CreateDishCommand request, CancellationToken cancellationToken) in C:\Users\USER\OneDrive\Desktop\VisualStudioFolder\vsPorjects\IndividualProjects\RestaurantProject\Restaurant.Application\Dishes\Commands\CreateDish\CreateDishCommandHandler.cs:line 19
   at MediatR.Wrappers.RequestHandlerWrapperImpl`1.<>c__DisplayClass1_0.<<Handle>g__Handler|0>d.MoveNext()
--- End of stack trace from previous location ---
   at Restaurant.API.Controllers.DishesController.CreateDish(Int32 restaurantId, CreateDishCommand command) in C:\Users\USER\OneDrive\Desktop\VisualStudioFolder\vsPorjects\IndividualProjects\RestaurantProject\Restaurant.API\Controllers\DishesController.cs:line 15
   at Microsoft.AspNetCore.Mvc.Infrastructure.ActionMethodExecutor.TaskOfIActionResultExecutor.Execute(ActionContext actionContext, IActionResultTypeMapper mapper, ObjectMethodExecutor executor, Object controller, Object[] arguments)
   at Microsoft.AspNetCore.Mvc.Infrastructure.ControllerActionInvoker.<InvokeActionMethodAsync>g__Awaited|12_0(ControllerActionInvoker invoker, ValueTask`1 actionResultValueTask)
   at Microsoft.AspNetCore.Mvc.Infrastructure.ControllerActionInvoker.<InvokeNextActionFilterAsync>g__Awaited|10_0(ControllerActionInvoker invoker, Task lastTask, State next, Scope scope, Object state, Boolean isCompleted)
   at Microsoft.AspNetCore.Mvc.Infrastructure.ControllerActionInvoker.Rethrow(ActionExecutedContextSealed context)
   at Microsoft.AspNetCore.Mvc.Infrastructure.ControllerActionInvoker.Next(State& next, Scope& scope, Object& state, Boolean& isCompleted)
   at Microsoft.AspNetCore.Mvc.Infrastructure.ControllerActionInvoker.<InvokeInnerFilterAsync>g__Awaited|13_0(ControllerActionInvoker invoker, Task lastTask, State next, Scope scope, Object state, Boolean isCompleted)
   at Microsoft.AspNetCore.Mvc.Infrastructure.ResourceInvoker.<InvokeFilterPipelineAsync>g__Awaited|20_0(ResourceInvoker invoker, Task lastTask, State next, Scope scope, Object state, Boolean isCompleted)
   at Microsoft.AspNetCore.Mvc.Infrastructure.ResourceInvoker.<InvokeAsync>g__Awaited|17_0(ResourceInvoker invoker, Task task, IDisposable scope)
   at Microsoft.AspNetCore.Mvc.Infrastructure.ResourceInvoker.<InvokeAsync>g__Awaited|17_0(ResourceInvoker invoker, Task task, IDisposable scope)
   at Microsoft.AspNetCore.Authorization.AuthorizationMiddleware.Invoke(HttpContext context)
   at Swashbuckle.AspNetCore.SwaggerUI.SwaggerUIMiddleware.Invoke(HttpContext httpContext)
   at Swashbuckle.AspNetCore.Swagger.SwaggerMiddleware.Invoke(HttpContext httpContext, ISwaggerProvider swaggerProvider)
   at Serilog.AspNetCore.RequestLoggingMiddleware.Invoke(HttpContext httpContext)
   at Restaurant.API.Middlewares.RequestTimeLoggingMiddleware.InvokeAsync(HttpContext context, RequestDelegate next) in C:\Users\USER\OneDrive\Desktop\VisualStudioFolder\vsPorjects\IndividualProjects\RestaurantProject\Restaurant.API\Middlewares\RequestTimeLoggingMiddleware.cs:line 10
   at Microsoft.AspNetCore.Builder.UseMiddlewareExtensions.InterfaceMiddlewareBinder.<>c__DisplayClass2_0.<<CreateMiddleware>b__0>d.MoveNext()
--- End of stack trace from previous location ---
   at Restaurant.API.Middlewares.ErrorHandlingMiddleware.InvokeAsync(HttpContext context, RequestDelegate next) in C:\Users\USER\OneDrive\Desktop\VisualStudioFolder\vsPorjects\IndividualProjects\RestaurantProject\Restaurant.API\Middlewares\ErrorHandlingMiddleware.cs:line 11
2026-05-25 17:38:24.984 +03:00 [INF] HTTP POST /api/restaurants/7/Dishes responded 400 in 48.6221 ms
2026-05-25 17:38:59.554 +03:00 [INF] Creating new dish {"RestaurantId":7,"Name":"Meat","Description":"bool meat","Price":20,"KiloCalories":100,"$type":"CreateDishCommand"}
2026-05-25 17:38:59.576 +03:00 [INF] Executed DbCommand (3ms) [Parameters=[@id='7'], CommandType='"Text"', CommandTimeout='30']
SELECT [r0].[Id], [r0].[Category], [r0].[ContactEmail], [r0].[ContactNumber], [r0].[Description], [r0].[HasDelivery], [r0].[Name], [r0].[Address_City], [r0].[Address_PostalCode], [r0].[Address_Street], [d].[Id], [d].[Description], [d].[KiloCalories], [d].[Name], [d].[Price], [d].[RestaurantId]
FROM (
    SELECT TOP(1) [r].[Id], [r].[Category], [r].[ContactEmail], [r].[ContactNumber], [r].[Description], [r].[HasDelivery], [r].[Name], [r].[Address_City], [r].[Address_PostalCode], [r].[Address_Street]
    FROM [Restaurants] AS [r]
    WHERE [r].[Id] = @id
) AS [r0]
LEFT JOIN [Dishes] AS [d] ON [r0].[Id] = [d].[RestaurantId]
ORDER BY [r0].[Id]
2026-05-25 17:38:59.845 +03:00 [INF] Executed DbCommand (11ms) [Parameters=[@p0='bool meat' (Nullable = false) (Size = 4000), @p1='100' (Nullable = true), @p2='Meat' (Nullable = false) (Size = 4000), @p3='20' (Precision = 18) (Scale = 2), @p4='7'], CommandType='"Text"', CommandTimeout='30']
SET IMPLICIT_TRANSACTIONS OFF;
SET NOCOUNT ON;
INSERT INTO [Dishes] ([Description], [KiloCalories], [Name], [Price], [RestaurantId])
OUTPUT INSERTED.[Id]
VALUES (@p0, @p1, @p2, @p3, @p4);
2026-05-25 17:38:59.902 +03:00 [INF] HTTP POST /api/restaurants/7/Dishes responded 201 in 358.1829 ms
2026-05-25 17:39:07.258 +03:00 [INF] Getting All restaurants
2026-05-25 17:39:07.265 +03:00 [INF] Executed DbCommand (2ms) [Parameters=[], CommandType='"Text"', CommandTimeout='30']
SELECT [r].[Id], [r].[Category], [r].[ContactEmail], [r].[ContactNumber], [r].[Description], [r].[HasDelivery], [r].[Name], [r].[Address_City], [r].[Address_PostalCode], [r].[Address_Street], [d].[Id], [d].[Description], [d].[KiloCalories], [d].[Name], [d].[Price], [d].[RestaurantId]
FROM [Restaurants] AS [r]
LEFT JOIN [Dishes] AS [d] ON [r].[Id] = [d].[RestaurantId]
ORDER BY [r].[Id]
2026-05-25 17:39:07.275 +03:00 [INF] HTTP GET /api/Restaurants/get-all responded 200 in 17.3404 ms
2026-05-25 17:39:21.756 +03:00 [INF] Creating new dish {"RestaurantId":7,"Name":"Meat","Description":"bool meat","Price":20,"KiloCalories":100,"$type":"CreateDishCommand"}
2026-05-25 17:39:21.770 +03:00 [INF] Executed DbCommand (1ms) [Parameters=[@id='7'], CommandType='"Text"', CommandTimeout='30']
SELECT [r0].[Id], [r0].[Category], [r0].[ContactEmail], [r0].[ContactNumber], [r0].[Description], [r0].[HasDelivery], [r0].[Name], [r0].[Address_City], [r0].[Address_PostalCode], [r0].[Address_Street], [d].[Id], [d].[Description], [d].[KiloCalories], [d].[Name], [d].[Price], [d].[RestaurantId]
FROM (
    SELECT TOP(1) [r].[Id], [r].[Category], [r].[ContactEmail], [r].[ContactNumber], [r].[Description], [r].[HasDelivery], [r].[Name], [r].[Address_City], [r].[Address_PostalCode], [r].[Address_Street]
    FROM [Restaurants] AS [r]
    WHERE [r].[Id] = @id
) AS [r0]
LEFT JOIN [Dishes] AS [d] ON [r0].[Id] = [d].[RestaurantId]
ORDER BY [r0].[Id]
2026-05-25 17:39:21.778 +03:00 [INF] Executed DbCommand (2ms) [Parameters=[@p0='bool meat' (Nullable = false) (Size = 4000), @p1='100' (Nullable = true), @p2='Meat' (Nullable = false) (Size = 4000), @p3='20' (Precision = 18) (Scale = 2), @p4='7'], CommandType='"Text"', CommandTimeout='30']
SET IMPLICIT_TRANSACTIONS OFF;
SET NOCOUNT ON;
INSERT INTO [Dishes] ([Description], [KiloCalories], [Name], [Price], [RestaurantId])
OUTPUT INSERTED.[Id]
VALUES (@p0, @p1, @p2, @p3, @p4);
2026-05-25 17:39:21.786 +03:00 [INF] HTTP POST /api/restaurants/7/Dishes responded 201 in 34.3400 ms
2026-05-25 17:40:25.407 +03:00 [INF] Getting All restaurants
2026-05-25 17:40:25.412 +03:00 [INF] Executed DbCommand (1ms) [Parameters=[], CommandType='"Text"', CommandTimeout='30']
SELECT [r].[Id], [r].[Category], [r].[ContactEmail], [r].[ContactNumber], [r].[Description], [r].[HasDelivery], [r].[Name], [r].[Address_City], [r].[Address_PostalCode], [r].[Address_Street], [d].[Id], [d].[Description], [d].[KiloCalories], [d].[Name], [d].[Price], [d].[RestaurantId]
FROM [Restaurants] AS [r]
LEFT JOIN [Dishes] AS [d] ON [r].[Id] = [d].[RestaurantId]
ORDER BY [r].[Id]
2026-05-25 17:40:25.422 +03:00 [INF] HTTP GET /api/Restaurants/get-all responded 200 in 21.6207 ms
2026-05-25 17:41:44.016 +03:00 [INF] Creating new dish {"RestaurantId":7,"Name":"Meat","Description":"bool meat","Price":20,"KiloCalories":100,"$type":"CreateDishCommand"}
2026-05-25 17:41:44.038 +03:00 [INF] Executed DbCommand (1ms) [Parameters=[@id='7'], CommandType='"Text"', CommandTimeout='30']
SELECT [r0].[Id], [r0].[Category], [r0].[ContactEmail], [r0].[ContactNumber], [r0].[Description], [r0].[HasDelivery], [r0].[Name], [r0].[Address_City], [r0].[Address_PostalCode], [r0].[Address_Street], [d].[Id], [d].[Description], [d].[KiloCalories], [d].[Name], [d].[Price], [d].[RestaurantId]
FROM (
    SELECT TOP(1) [r].[Id], [r].[Category], [r].[ContactEmail], [r].[ContactNumber], [r].[Description], [r].[HasDelivery], [r].[Name], [r].[Address_City], [r].[Address_PostalCode], [r].[Address_Street]
    FROM [Restaurants] AS [r]
    WHERE [r].[Id] = @id
) AS [r0]
LEFT JOIN [Dishes] AS [d] ON [r0].[Id] = [d].[RestaurantId]
ORDER BY [r0].[Id]
2026-05-25 17:41:44.047 +03:00 [INF] Executed DbCommand (3ms) [Parameters=[@p0='bool meat' (Nullable = false) (Size = 4000), @p1='100' (Nullable = true), @p2='Meat' (Nullable = false) (Size = 4000), @p3='20' (Precision = 18) (Scale = 2), @p4='7'], CommandType='"Text"', CommandTimeout='30']
SET IMPLICIT_TRANSACTIONS OFF;
SET NOCOUNT ON;
INSERT INTO [Dishes] ([Description], [KiloCalories], [Name], [Price], [RestaurantId])
OUTPUT INSERTED.[Id]
VALUES (@p0, @p1, @p2, @p3, @p4);
2026-05-25 17:41:44.053 +03:00 [INF] HTTP POST /api/restaurants/7/Dishes responded 201 in 45820.5975 ms
2026-05-25 17:41:44.057 +03:00 [INF] Request [POST] at /api/restaurants/7/Dishes took 45825 ms
2026-05-25 18:01:59.105 +03:00 [WRN] Sensitive data logging is enabled. Log entries and exception messages may include sensitive application data; this mode should only be enabled during development.
2026-05-25 18:01:59.193 +03:00 [WRN] The entity type 'Address' is an optional dependent using table sharing without any required non shared column that could be used to identify whether the entity exists. If all nullable properties contain a 'null' value in database then an object instance won't be created in the query. Add a required property to create instances with 'null' values for other properties or mark the incoming navigation as required to always create an instance.
2026-05-25 18:01:59.206 +03:00 [WRN] No store type was specified for the decimal property 'Price' on entity type 'Dish'. This will cause values to be silently truncated if they do not fit in the default precision and scale. Explicitly specify the SQL server column type that can accommodate all the values in 'OnModelCreating' using 'HasColumnType', specify precision and scale using 'HasPrecision', or configure a value converter using 'HasConversion'.
2026-05-25 18:01:59.783 +03:00 [INF] Executed DbCommand (44ms) [Parameters=[], CommandType='"Text"', CommandTimeout='30']
SELECT 1
2026-05-25 18:02:00.208 +03:00 [INF] Executed DbCommand (18ms) [Parameters=[], CommandType='"Text"', CommandTimeout='30']
SELECT CASE
    WHEN EXISTS (
        SELECT 1
        FROM [Restaurants] AS [r]) THEN CAST(1 AS bit)
    ELSE CAST(0 AS bit)
END
2026-05-25 18:02:02.363 +03:00 [INF] HTTP GET / responded 404 in 26.4633 ms
2026-05-25 18:02:14.010 +03:00 [INF] HTTP GET /swagger/index.html responded 304 in 92.3916 ms
2026-05-25 18:02:14.050 +03:00 [INF] HTTP GET /swagger/index.css responded 304 in 9.1314 ms
2026-05-25 18:02:14.050 +03:00 [INF] HTTP GET /swagger/swagger-ui.css responded 304 in 9.1440 ms
2026-05-25 18:02:14.054 +03:00 [INF] HTTP GET /swagger/swagger-ui-bundle.js responded 304 in 13.0862 ms
2026-05-25 18:02:14.103 +03:00 [INF] HTTP GET /swagger/index.js responded 304 in 0.4836 ms
2026-05-25 18:02:14.103 +03:00 [INF] HTTP GET /swagger/swagger-ui-standalone-preset.js responded 304 in 16.6552 ms
2026-05-25 18:02:14.288 +03:00 [INF] HTTP GET /swagger/v1/swagger.json responded 200 in 28.5775 ms
2026-05-25 18:02:23.589 +03:00 [WRN] You do not have a valid license key for the Lucky Penny software MediatR. This is allowed for development and testing scenarios. If you are running in production you are required to have a licensed version. Please visit https://luckypennysoftware.com to obtain a valid license.
2026-05-25 18:02:23.776 +03:00 [INF] Getting All restaurants
2026-05-25 18:02:24.204 +03:00 [INF] Executed DbCommand (56ms) [Parameters=[], CommandType='"Text"', CommandTimeout='30']
SELECT [r].[Id], [r].[Category], [r].[ContactEmail], [r].[ContactNumber], [r].[Description], [r].[HasDelivery], [r].[Name], [r].[Address_City], [r].[Address_PostalCode], [r].[Address_Street], [d].[Id], [d].[Description], [d].[KiloCalories], [d].[Name], [d].[Price], [d].[RestaurantId]
FROM [Restaurants] AS [r]
LEFT JOIN [Dishes] AS [d] ON [r].[Id] = [d].[RestaurantId]
ORDER BY [r].[Id]
2026-05-25 18:02:24.507 +03:00 [INF] HTTP GET /api/Restaurants/get-all responded 200 in 963.2384 ms
2026-05-25 18:02:55.077 +03:00 [INF] Creating new dish {"RestaurantId":7,"Name":"Meat","Description":"string","Price":0,"KiloCalories":0,"$type":"CreateDishCommand"}
2026-05-25 18:02:55.326 +03:00 [INF] Executed DbCommand (34ms) [Parameters=[@id='7'], CommandType='"Text"', CommandTimeout='30']
SELECT [r0].[Id], [r0].[Category], [r0].[ContactEmail], [r0].[ContactNumber], [r0].[Description], [r0].[HasDelivery], [r0].[Name], [r0].[Address_City], [r0].[Address_PostalCode], [r0].[Address_Street], [d].[Id], [d].[Description], [d].[KiloCalories], [d].[Name], [d].[Price], [d].[RestaurantId]
FROM (
    SELECT TOP(1) [r].[Id], [r].[Category], [r].[ContactEmail], [r].[ContactNumber], [r].[Description], [r].[HasDelivery], [r].[Name], [r].[Address_City], [r].[Address_PostalCode], [r].[Address_Street]
    FROM [Restaurants] AS [r]
    WHERE [r].[Id] = @id
) AS [r0]
LEFT JOIN [Dishes] AS [d] ON [r0].[Id] = [d].[RestaurantId]
ORDER BY [r0].[Id]
2026-05-25 18:03:00.296 +03:00 [ERR] HTTP POST /api/restaurants/7/Dishes responded 500 in 5399.7678 ms
Restaurant.Domain.Exceptions.AlreadyExistException: Restaurant with id: 7 alread have Meat in Dishs!
   at Restaurant.Application.Dishes.Commands.CreateDish.CreateDishCommandHandler.Handle(CreateDishCommand request, CancellationToken cancellationToken) in C:\Users\USER\OneDrive\Desktop\VisualStudioFolder\vsPorjects\IndividualProjects\RestaurantProject\Restaurant.Application\Dishes\Commands\CreateDish\CreateDishCommandHandler.cs:line 24
   at MediatR.Wrappers.RequestHandlerWrapperImpl`1.<>c__DisplayClass1_0.<<Handle>g__Handler|0>d.MoveNext()
--- End of stack trace from previous location ---
   at Restaurant.API.Controllers.DishesController.CreateDish(Int32 restaurantId, CreateDishCommand command) in C:\Users\USER\OneDrive\Desktop\VisualStudioFolder\vsPorjects\IndividualProjects\RestaurantProject\Restaurant.API\Controllers\DishesController.cs:line 15
   at Microsoft.AspNetCore.Mvc.Infrastructure.ActionMethodExecutor.TaskOfIActionResultExecutor.Execute(ActionContext actionContext, IActionResultTypeMapper mapper, ObjectMethodExecutor executor, Object controller, Object[] arguments)
   at Microsoft.AspNetCore.Mvc.Infrastructure.ControllerActionInvoker.<InvokeActionMethodAsync>g__Awaited|12_0(ControllerActionInvoker invoker, ValueTask`1 actionResultValueTask)
   at Microsoft.AspNetCore.Mvc.Infrastructure.ControllerActionInvoker.<InvokeNextActionFilterAsync>g__Awaited|10_0(ControllerActionInvoker invoker, Task lastTask, State next, Scope scope, Object state, Boolean isCompleted)
   at Microsoft.AspNetCore.Mvc.Infrastructure.ControllerActionInvoker.Rethrow(ActionExecutedContextSealed context)
   at Microsoft.AspNetCore.Mvc.Infrastructure.ControllerActionInvoker.Next(State& next, Scope& scope, Object& state, Boolean& isCompleted)
   at Microsoft.AspNetCore.Mvc.Infrastructure.ControllerActionInvoker.<InvokeInnerFilterAsync>g__Awaited|13_0(ControllerActionInvoker invoker, Task lastTask, State next, Scope scope, Object state, Boolean isCompleted)
   at Microsoft.AspNetCore.Mvc.Infrastructure.ResourceInvoker.<InvokeFilterPipelineAsync>g__Awaited|20_0(ResourceInvoker invoker, Task lastTask, State next, Scope scope, Object state, Boolean isCompleted)
   at Microsoft.AspNetCore.Mvc.Infrastructure.ResourceInvoker.<InvokeAsync>g__Awaited|17_0(ResourceInvoker invoker, Task task, IDisposable scope)
   at Microsoft.AspNetCore.Mvc.Infrastructure.ResourceInvoker.<InvokeAsync>g__Awaited|17_0(ResourceInvoker invoker, Task task, IDisposable scope)
   at Microsoft.AspNetCore.Authorization.AuthorizationMiddleware.Invoke(HttpContext context)
   at Swashbuckle.AspNetCore.SwaggerUI.SwaggerUIMiddleware.Invoke(HttpContext httpContext)
   at Swashbuckle.AspNetCore.Swagger.SwaggerMiddleware.Invoke(HttpContext httpContext, ISwaggerProvider swaggerProvider)
   at Serilog.AspNetCore.RequestLoggingMiddleware.Invoke(HttpContext httpContext)
2026-05-25 18:03:00.515 +03:00 [ERR] Restaurant with id: 7 alread have Meat in Dishs!
Restaurant.Domain.Exceptions.AlreadyExistException: Restaurant with id: 7 alread have Meat in Dishs!
   at Restaurant.Application.Dishes.Commands.CreateDish.CreateDishCommandHandler.Handle(CreateDishCommand request, CancellationToken cancellationToken) in C:\Users\USER\OneDrive\Desktop\VisualStudioFolder\vsPorjects\IndividualProjects\RestaurantProject\Restaurant.Application\Dishes\Commands\CreateDish\CreateDishCommandHandler.cs:line 24
   at MediatR.Wrappers.RequestHandlerWrapperImpl`1.<>c__DisplayClass1_0.<<Handle>g__Handler|0>d.MoveNext()
--- End of stack trace from previous location ---
   at Restaurant.API.Controllers.DishesController.CreateDish(Int32 restaurantId, CreateDishCommand command) in C:\Users\USER\OneDrive\Desktop\VisualStudioFolder\vsPorjects\IndividualProjects\RestaurantProject\Restaurant.API\Controllers\DishesController.cs:line 15
   at Microsoft.AspNetCore.Mvc.Infrastructure.ActionMethodExecutor.TaskOfIActionResultExecutor.Execute(ActionContext actionContext, IActionResultTypeMapper mapper, ObjectMethodExecutor executor, Object controller, Object[] arguments)
   at Microsoft.AspNetCore.Mvc.Infrastructure.ControllerActionInvoker.<InvokeActionMethodAsync>g__Awaited|12_0(ControllerActionInvoker invoker, ValueTask`1 actionResultValueTask)
   at Microsoft.AspNetCore.Mvc.Infrastructure.ControllerActionInvoker.<InvokeNextActionFilterAsync>g__Awaited|10_0(ControllerActionInvoker invoker, Task lastTask, State next, Scope scope, Object state, Boolean isCompleted)
   at Microsoft.AspNetCore.Mvc.Infrastructure.ControllerActionInvoker.Rethrow(ActionExecutedContextSealed context)
   at Microsoft.AspNetCore.Mvc.Infrastructure.ControllerActionInvoker.Next(State& next, Scope& scope, Object& state, Boolean& isCompleted)
   at Microsoft.AspNetCore.Mvc.Infrastructure.ControllerActionInvoker.<InvokeInnerFilterAsync>g__Awaited|13_0(ControllerActionInvoker invoker, Task lastTask, State next, Scope scope, Object state, Boolean isCompleted)
   at Microsoft.AspNetCore.Mvc.Infrastructure.ResourceInvoker.<InvokeFilterPipelineAsync>g__Awaited|20_0(ResourceInvoker invoker, Task lastTask, State next, Scope scope, Object state, Boolean isCompleted)
   at Microsoft.AspNetCore.Mvc.Infrastructure.ResourceInvoker.<InvokeAsync>g__Awaited|17_0(ResourceInvoker invoker, Task task, IDisposable scope)
   at Microsoft.AspNetCore.Mvc.Infrastructure.ResourceInvoker.<InvokeAsync>g__Awaited|17_0(ResourceInvoker invoker, Task task, IDisposable scope)
   at Microsoft.AspNetCore.Authorization.AuthorizationMiddleware.Invoke(HttpContext context)
   at Swashbuckle.AspNetCore.SwaggerUI.SwaggerUIMiddleware.Invoke(HttpContext httpContext)
   at Swashbuckle.AspNetCore.Swagger.SwaggerMiddleware.Invoke(HttpContext httpContext, ISwaggerProvider swaggerProvider)
   at Serilog.AspNetCore.RequestLoggingMiddleware.Invoke(HttpContext httpContext)
   at Restaurant.API.Middlewares.RequestTimeLoggingMiddleware.InvokeAsync(HttpContext context, RequestDelegate next) in C:\Users\USER\OneDrive\Desktop\VisualStudioFolder\vsPorjects\IndividualProjects\RestaurantProject\Restaurant.API\Middlewares\RequestTimeLoggingMiddleware.cs:line 10
   at Microsoft.AspNetCore.Builder.UseMiddlewareExtensions.InterfaceMiddlewareBinder.<>c__DisplayClass2_0.<<CreateMiddleware>b__0>d.MoveNext()
--- End of stack trace from previous location ---
   at Restaurant.API.Middlewares.ErrorHandlingMiddleware.InvokeAsync(HttpContext context, RequestDelegate next) in C:\Users\USER\OneDrive\Desktop\VisualStudioFolder\vsPorjects\IndividualProjects\RestaurantProject\Restaurant.API\Middlewares\ErrorHandlingMiddleware.cs:line 11
2026-05-25 18:04:37.302 +03:00 [WRN] Sensitive data logging is enabled. Log entries and exception messages may include sensitive application data; this mode should only be enabled during development.
2026-05-25 18:04:37.388 +03:00 [WRN] The entity type 'Address' is an optional dependent using table sharing without any required non shared column that could be used to identify whether the entity exists. If all nullable properties contain a 'null' value in database then an object instance won't be created in the query. Add a required property to create instances with 'null' values for other properties or mark the incoming navigation as required to always create an instance.
2026-05-25 18:04:37.401 +03:00 [WRN] No store type was specified for the decimal property 'Price' on entity type 'Dish'. This will cause values to be silently truncated if they do not fit in the default precision and scale. Explicitly specify the SQL server column type that can accommodate all the values in 'OnModelCreating' using 'HasColumnType', specify precision and scale using 'HasPrecision', or configure a value converter using 'HasConversion'.
2026-05-25 18:04:37.857 +03:00 [INF] Executed DbCommand (31ms) [Parameters=[], CommandType='"Text"', CommandTimeout='30']
SELECT 1
2026-05-25 18:04:38.275 +03:00 [INF] Executed DbCommand (26ms) [Parameters=[], CommandType='"Text"', CommandTimeout='30']
SELECT CASE
    WHEN EXISTS (
        SELECT 1
        FROM [Restaurants] AS [r]) THEN CAST(1 AS bit)
    ELSE CAST(0 AS bit)
END
2026-05-25 18:04:40.369 +03:00 [INF] HTTP GET / responded 404 in 38.0227 ms
2026-05-25 18:04:46.743 +03:00 [INF] HTTP GET /swagger/index.html responded 304 in 75.4210 ms
2026-05-25 18:04:46.784 +03:00 [INF] HTTP GET /swagger/swagger-ui.css responded 304 in 7.7940 ms
2026-05-25 18:04:46.784 +03:00 [INF] HTTP GET /swagger/index.css responded 304 in 7.8087 ms
2026-05-25 18:04:46.787 +03:00 [INF] HTTP GET /swagger/swagger-ui-bundle.js responded 304 in 11.3592 ms
2026-05-25 18:04:46.834 +03:00 [INF] HTTP GET /swagger/swagger-ui-standalone-preset.js responded 304 in 13.6925 ms
2026-05-25 18:04:46.834 +03:00 [INF] HTTP GET /swagger/index.js responded 304 in 0.6081 ms
2026-05-25 18:04:47.021 +03:00 [INF] HTTP GET /swagger/v1/swagger.json responded 200 in 28.9032 ms
2026-05-25 18:05:05.757 +03:00 [WRN] You do not have a valid license key for the Lucky Penny software MediatR. This is allowed for development and testing scenarios. If you are running in production you are required to have a licensed version. Please visit https://luckypennysoftware.com to obtain a valid license.
2026-05-25 18:05:06.079 +03:00 [INF] Creating new dish {"RestaurantId":7,"Name":"Meat","Description":"string","Price":0,"KiloCalories":0,"$type":"CreateDishCommand"}
2026-05-25 18:05:06.501 +03:00 [INF] Executed DbCommand (65ms) [Parameters=[@id='7'], CommandType='"Text"', CommandTimeout='30']
SELECT [r0].[Id], [r0].[Category], [r0].[ContactEmail], [r0].[ContactNumber], [r0].[Description], [r0].[HasDelivery], [r0].[Name], [r0].[Address_City], [r0].[Address_PostalCode], [r0].[Address_Street], [d].[Id], [d].[Description], [d].[KiloCalories], [d].[Name], [d].[Price], [d].[RestaurantId]
FROM (
    SELECT TOP(1) [r].[Id], [r].[Category], [r].[ContactEmail], [r].[ContactNumber], [r].[Description], [r].[HasDelivery], [r].[Name], [r].[Address_City], [r].[Address_PostalCode], [r].[Address_Street]
    FROM [Restaurants] AS [r]
    WHERE [r].[Id] = @id
) AS [r0]
LEFT JOIN [Dishes] AS [d] ON [r0].[Id] = [d].[RestaurantId]
ORDER BY [r0].[Id]
2026-05-25 18:05:09.672 +03:00 [ERR] HTTP POST /api/restaurants/7/Dishes responded 500 in 3961.1224 ms
Restaurant.Domain.Exceptions.AlreadyExistException: Restaurant with id: 7 alread have Meat in Dishs!
   at Restaurant.Application.Dishes.Commands.CreateDish.CreateDishCommandHandler.Handle(CreateDishCommand request, CancellationToken cancellationToken) in C:\Users\USER\OneDrive\Desktop\VisualStudioFolder\vsPorjects\IndividualProjects\RestaurantProject\Restaurant.Application\Dishes\Commands\CreateDish\CreateDishCommandHandler.cs:line 24
   at MediatR.Wrappers.RequestHandlerWrapperImpl`1.<>c__DisplayClass1_0.<<Handle>g__Handler|0>d.MoveNext()
--- End of stack trace from previous location ---
   at Restaurant.API.Controllers.DishesController.CreateDish(Int32 restaurantId, CreateDishCommand command) in C:\Users\USER\OneDrive\Desktop\VisualStudioFolder\vsPorjects\IndividualProjects\RestaurantProject\Restaurant.API\Controllers\DishesController.cs:line 15
   at Microsoft.AspNetCore.Mvc.Infrastructure.ActionMethodExecutor.TaskOfIActionResultExecutor.Execute(ActionContext actionContext, IActionResultTypeMapper mapper, ObjectMethodExecutor executor, Object controller, Object[] arguments)
   at Microsoft.AspNetCore.Mvc.Infrastructure.ControllerActionInvoker.<InvokeActionMethodAsync>g__Awaited|12_0(ControllerActionInvoker invoker, ValueTask`1 actionResultValueTask)
   at Microsoft.AspNetCore.Mvc.Infrastructure.ControllerActionInvoker.<InvokeNextActionFilterAsync>g__Awaited|10_0(ControllerActionInvoker invoker, Task lastTask, State next, Scope scope, Object state, Boolean isCompleted)
   at Microsoft.AspNetCore.Mvc.Infrastructure.ControllerActionInvoker.Rethrow(ActionExecutedContextSealed context)
   at Microsoft.AspNetCore.Mvc.Infrastructure.ControllerActionInvoker.Next(State& next, Scope& scope, Object& state, Boolean& isCompleted)
   at Microsoft.AspNetCore.Mvc.Infrastructure.ControllerActionInvoker.<InvokeInnerFilterAsync>g__Awaited|13_0(ControllerActionInvoker invoker, Task lastTask, State next, Scope scope, Object state, Boolean isCompleted)
   at Microsoft.AspNetCore.Mvc.Infrastructure.ResourceInvoker.<InvokeFilterPipelineAsync>g__Awaited|20_0(ResourceInvoker invoker, Task lastTask, State next, Scope scope, Object state, Boolean isCompleted)
   at Microsoft.AspNetCore.Mvc.Infrastructure.ResourceInvoker.<InvokeAsync>g__Awaited|17_0(ResourceInvoker invoker, Task task, IDisposable scope)
   at Microsoft.AspNetCore.Mvc.Infrastructure.ResourceInvoker.<InvokeAsync>g__Awaited|17_0(ResourceInvoker invoker, Task task, IDisposable scope)
   at Microsoft.AspNetCore.Authorization.AuthorizationMiddleware.Invoke(HttpContext context)
   at Swashbuckle.AspNetCore.SwaggerUI.SwaggerUIMiddleware.Invoke(HttpContext httpContext)
   at Swashbuckle.AspNetCore.Swagger.SwaggerMiddleware.Invoke(HttpContext httpContext, ISwaggerProvider swaggerProvider)
   at Serilog.AspNetCore.RequestLoggingMiddleware.Invoke(HttpContext httpContext)
2026-05-25 18:05:09.886 +03:00 [ERR] Restaurant with id: 7 alread have Meat in Dishs!
Restaurant.Domain.Exceptions.AlreadyExistException: Restaurant with id: 7 alread have Meat in Dishs!
   at Restaurant.Application.Dishes.Commands.CreateDish.CreateDishCommandHandler.Handle(CreateDishCommand request, CancellationToken cancellationToken) in C:\Users\USER\OneDrive\Desktop\VisualStudioFolder\vsPorjects\IndividualProjects\RestaurantProject\Restaurant.Application\Dishes\Commands\CreateDish\CreateDishCommandHandler.cs:line 24
   at MediatR.Wrappers.RequestHandlerWrapperImpl`1.<>c__DisplayClass1_0.<<Handle>g__Handler|0>d.MoveNext()
--- End of stack trace from previous location ---
   at Restaurant.API.Controllers.DishesController.CreateDish(Int32 restaurantId, CreateDishCommand command) in C:\Users\USER\OneDrive\Desktop\VisualStudioFolder\vsPorjects\IndividualProjects\RestaurantProject\Restaurant.API\Controllers\DishesController.cs:line 15
   at Microsoft.AspNetCore.Mvc.Infrastructure.ActionMethodExecutor.TaskOfIActionResultExecutor.Execute(ActionContext actionContext, IActionResultTypeMapper mapper, ObjectMethodExecutor executor, Object controller, Object[] arguments)
   at Microsoft.AspNetCore.Mvc.Infrastructure.ControllerActionInvoker.<InvokeActionMethodAsync>g__Awaited|12_0(ControllerActionInvoker invoker, ValueTask`1 actionResultValueTask)
   at Microsoft.AspNetCore.Mvc.Infrastructure.ControllerActionInvoker.<InvokeNextActionFilterAsync>g__Awaited|10_0(ControllerActionInvoker invoker, Task lastTask, State next, Scope scope, Object state, Boolean isCompleted)
   at Microsoft.AspNetCore.Mvc.Infrastructure.ControllerActionInvoker.Rethrow(ActionExecutedContextSealed context)
   at Microsoft.AspNetCore.Mvc.Infrastructure.ControllerActionInvoker.Next(State& next, Scope& scope, Object& state, Boolean& isCompleted)
   at Microsoft.AspNetCore.Mvc.Infrastructure.ControllerActionInvoker.<InvokeInnerFilterAsync>g__Awaited|13_0(ControllerActionInvoker invoker, Task lastTask, State next, Scope scope, Object state, Boolean isCompleted)
   at Microsoft.AspNetCore.Mvc.Infrastructure.ResourceInvoker.<InvokeFilterPipelineAsync>g__Awaited|20_0(ResourceInvoker invoker, Task lastTask, State next, Scope scope, Object state, Boolean isCompleted)
   at Microsoft.AspNetCore.Mvc.Infrastructure.ResourceInvoker.<InvokeAsync>g__Awaited|17_0(ResourceInvoker invoker, Task task, IDisposable scope)
   at Microsoft.AspNetCore.Mvc.Infrastructure.ResourceInvoker.<InvokeAsync>g__Awaited|17_0(ResourceInvoker invoker, Task task, IDisposable scope)
   at Microsoft.AspNetCore.Authorization.AuthorizationMiddleware.Invoke(HttpContext context)
   at Swashbuckle.AspNetCore.SwaggerUI.SwaggerUIMiddleware.Invoke(HttpContext httpContext)
   at Swashbuckle.AspNetCore.Swagger.SwaggerMiddleware.Invoke(HttpContext httpContext, ISwaggerProvider swaggerProvider)
   at Serilog.AspNetCore.RequestLoggingMiddleware.Invoke(HttpContext httpContext)
   at Restaurant.API.Middlewares.RequestTimeLoggingMiddleware.InvokeAsync(HttpContext context, RequestDelegate next) in C:\Users\USER\OneDrive\Desktop\VisualStudioFolder\vsPorjects\IndividualProjects\RestaurantProject\Restaurant.API\Middlewares\RequestTimeLoggingMiddleware.cs:line 10
   at Microsoft.AspNetCore.Builder.UseMiddlewareExtensions.InterfaceMiddlewareBinder.<>c__DisplayClass2_0.<<CreateMiddleware>b__0>d.MoveNext()
--- End of stack trace from previous location ---
   at Restaurant.API.Middlewares.ErrorHandlingMiddleware.InvokeAsync(HttpContext context, RequestDelegate next) in C:\Users\USER\OneDrive\Desktop\VisualStudioFolder\vsPorjects\IndividualProjects\RestaurantProject\Restaurant.API\Middlewares\ErrorHandlingMiddleware.cs:line 11
2026-05-25 18:05:59.966 +03:00 [INF] HTTP GET /swagger/index.html responded 304 in 0.3141 ms
2026-05-25 18:06:00.029 +03:00 [INF] HTTP GET /swagger/swagger-ui.css responded 304 in 0.7119 ms
2026-05-25 18:06:00.031 +03:00 [INF] HTTP GET /swagger/swagger-ui-bundle.js responded 304 in 0.1039 ms
2026-05-25 18:06:00.031 +03:00 [INF] HTTP GET /swagger/index.css responded 304 in 0.1193 ms
2026-05-25 18:06:00.060 +03:00 [INF] HTTP GET /swagger/swagger-ui-standalone-preset.js responded 304 in 0.1263 ms
2026-05-25 18:06:00.076 +03:00 [INF] HTTP GET /swagger/index.js responded 304 in 0.4126 ms
2026-05-25 18:06:00.286 +03:00 [INF] HTTP GET /swagger/favicon-32x32.png responded 304 in 0.4487 ms
2026-05-25 18:06:00.294 +03:00 [INF] HTTP GET /swagger/v1/swagger.json responded 200 in 17.9038 ms
2026-05-25 18:06:00.565 +03:00 [INF] HTTP GET /swagger/swagger-ui-bundle.js responded 304 in 0.2049 ms
2026-05-25 18:06:00.603 +03:00 [INF] HTTP GET /swagger/index.js responded 304 in 0.4465 ms
2026-05-25 18:06:00.565 +03:00 [INF] HTTP GET /swagger/swagger-ui-standalone-preset.js responded 304 in 0.2053 ms
2026-05-25 18:06:03.413 +03:00 [INF] HTTP GET /swagger/index.html responded 304 in 0.5035 ms
2026-05-25 18:06:03.452 +03:00 [INF] HTTP GET /swagger/swagger-ui.css responded 304 in 0.0577 ms
2026-05-25 18:06:03.453 +03:00 [INF] HTTP GET /swagger/swagger-ui-bundle.js responded 304 in 0.0468 ms
2026-05-25 18:06:03.453 +03:00 [INF] HTTP GET /swagger/swagger-ui-standalone-preset.js responded 304 in 0.0251 ms
2026-05-25 18:06:03.454 +03:00 [INF] HTTP GET /swagger/index.js responded 304 in 0.7713 ms
2026-05-25 18:06:03.453 +03:00 [INF] HTTP GET /swagger/index.css responded 304 in 0.1052 ms
2026-05-25 18:06:03.488 +03:00 [INF] HTTP GET /swagger/swagger-ui-standalone-preset.js responded 304 in 0.0627 ms
2026-05-25 18:06:03.489 +03:00 [INF] HTTP GET /swagger/index.js responded 304 in 0.2146 ms
2026-05-25 18:06:03.489 +03:00 [INF] HTTP GET /swagger/swagger-ui-bundle.js responded 304 in 0.0361 ms
2026-05-25 18:06:03.622 +03:00 [INF] HTTP GET /swagger/favicon-32x32.png responded 304 in 0.1917 ms
2026-05-25 18:06:03.627 +03:00 [INF] HTTP GET /swagger/v1/swagger.json responded 200 in 15.3767 ms
2026-05-25 18:06:19.912 +03:00 [INF] Creating new dish {"RestaurantId":7,"Name":"Meat","Description":"string","Price":0,"KiloCalories":0,"$type":"CreateDishCommand"}
2026-05-25 18:06:20.021 +03:00 [INF] Executed DbCommand (1ms) [Parameters=[@id='7'], CommandType='"Text"', CommandTimeout='30']
SELECT [r0].[Id], [r0].[Category], [r0].[ContactEmail], [r0].[ContactNumber], [r0].[Description], [r0].[HasDelivery], [r0].[Name], [r0].[Address_City], [r0].[Address_PostalCode], [r0].[Address_Street], [d].[Id], [d].[Description], [d].[KiloCalories], [d].[Name], [d].[Price], [d].[RestaurantId]
FROM (
    SELECT TOP(1) [r].[Id], [r].[Category], [r].[ContactEmail], [r].[ContactNumber], [r].[Description], [r].[HasDelivery], [r].[Name], [r].[Address_City], [r].[Address_PostalCode], [r].[Address_Street]
    FROM [Restaurants] AS [r]
    WHERE [r].[Id] = @id
) AS [r0]
LEFT JOIN [Dishes] AS [d] ON [r0].[Id] = [d].[RestaurantId]
ORDER BY [r0].[Id]
2026-05-25 18:06:22.138 +03:00 [ERR] HTTP POST /api/restaurants/7/Dishes responded 500 in 2244.6003 ms
Restaurant.Domain.Exceptions.AlreadyExistException: Restaurant with id: 7 alread have Meat Dish in Dishs!
   at Restaurant.Application.Dishes.Commands.CreateDish.CreateDishCommandHandler.Handle(CreateDishCommand request, CancellationToken cancellationToken) in C:\Users\USER\OneDrive\Desktop\VisualStudioFolder\vsPorjects\IndividualProjects\RestaurantProject\Restaurant.Application\Dishes\Commands\CreateDish\CreateDishCommandHandler.cs:line 24
   at MediatR.Wrappers.RequestHandlerWrapperImpl`1.<>c__DisplayClass1_0.<<Handle>g__Handler|0>d.MoveNext()
--- End of stack trace from previous location ---
   at Restaurant.API.Controllers.DishesController.CreateDish(Int32 restaurantId, CreateDishCommand command) in C:\Users\USER\OneDrive\Desktop\VisualStudioFolder\vsPorjects\IndividualProjects\RestaurantProject\Restaurant.API\Controllers\DishesController.cs:line 15
   at Microsoft.AspNetCore.Mvc.Infrastructure.ActionMethodExecutor.TaskOfIActionResultExecutor.Execute(ActionContext actionContext, IActionResultTypeMapper mapper, ObjectMethodExecutor executor, Object controller, Object[] arguments)
   at Microsoft.AspNetCore.Mvc.Infrastructure.ControllerActionInvoker.<InvokeActionMethodAsync>g__Awaited|12_0(ControllerActionInvoker invoker, ValueTask`1 actionResultValueTask)
   at Microsoft.AspNetCore.Mvc.Infrastructure.ControllerActionInvoker.<InvokeNextActionFilterAsync>g__Awaited|10_0(ControllerActionInvoker invoker, Task lastTask, State next, Scope scope, Object state, Boolean isCompleted)
   at Microsoft.AspNetCore.Mvc.Infrastructure.ControllerActionInvoker.Rethrow(ActionExecutedContextSealed context)
   at Microsoft.AspNetCore.Mvc.Infrastructure.ControllerActionInvoker.Next(State& next, Scope& scope, Object& state, Boolean& isCompleted)
   at Microsoft.AspNetCore.Mvc.Infrastructure.ControllerActionInvoker.<InvokeInnerFilterAsync>g__Awaited|13_0(ControllerActionInvoker invoker, Task lastTask, State next, Scope scope, Object state, Boolean isCompleted)
   at Microsoft.AspNetCore.Mvc.Infrastructure.ResourceInvoker.<InvokeFilterPipelineAsync>g__Awaited|20_0(ResourceInvoker invoker, Task lastTask, State next, Scope scope, Object state, Boolean isCompleted)
   at Microsoft.AspNetCore.Mvc.Infrastructure.ResourceInvoker.<InvokeAsync>g__Awaited|17_0(ResourceInvoker invoker, Task task, IDisposable scope)
   at Microsoft.AspNetCore.Mvc.Infrastructure.ResourceInvoker.<InvokeAsync>g__Awaited|17_0(ResourceInvoker invoker, Task task, IDisposable scope)
   at Microsoft.AspNetCore.Authorization.AuthorizationMiddleware.Invoke(HttpContext context)
   at Swashbuckle.AspNetCore.SwaggerUI.SwaggerUIMiddleware.Invoke(HttpContext httpContext)
   at Swashbuckle.AspNetCore.Swagger.SwaggerMiddleware.Invoke(HttpContext httpContext, ISwaggerProvider swaggerProvider)
   at Serilog.AspNetCore.RequestLoggingMiddleware.Invoke(HttpContext httpContext)
2026-05-25 18:06:22.315 +03:00 [ERR] Restaurant with id: 7 alread have Meat Dish in Dishs!
Restaurant.Domain.Exceptions.AlreadyExistException: Restaurant with id: 7 alread have Meat Dish in Dishs!
   at Restaurant.Application.Dishes.Commands.CreateDish.CreateDishCommandHandler.Handle(CreateDishCommand request, CancellationToken cancellationToken) in C:\Users\USER\OneDrive\Desktop\VisualStudioFolder\vsPorjects\IndividualProjects\RestaurantProject\Restaurant.Application\Dishes\Commands\CreateDish\CreateDishCommandHandler.cs:line 24
   at MediatR.Wrappers.RequestHandlerWrapperImpl`1.<>c__DisplayClass1_0.<<Handle>g__Handler|0>d.MoveNext()
--- End of stack trace from previous location ---
   at Restaurant.API.Controllers.DishesController.CreateDish(Int32 restaurantId, CreateDishCommand command) in C:\Users\USER\OneDrive\Desktop\VisualStudioFolder\vsPorjects\IndividualProjects\RestaurantProject\Restaurant.API\Controllers\DishesController.cs:line 15
   at Microsoft.AspNetCore.Mvc.Infrastructure.ActionMethodExecutor.TaskOfIActionResultExecutor.Execute(ActionContext actionContext, IActionResultTypeMapper mapper, ObjectMethodExecutor executor, Object controller, Object[] arguments)
   at Microsoft.AspNetCore.Mvc.Infrastructure.ControllerActionInvoker.<InvokeActionMethodAsync>g__Awaited|12_0(ControllerActionInvoker invoker, ValueTask`1 actionResultValueTask)
   at Microsoft.AspNetCore.Mvc.Infrastructure.ControllerActionInvoker.<InvokeNextActionFilterAsync>g__Awaited|10_0(ControllerActionInvoker invoker, Task lastTask, State next, Scope scope, Object state, Boolean isCompleted)
   at Microsoft.AspNetCore.Mvc.Infrastructure.ControllerActionInvoker.Rethrow(ActionExecutedContextSealed context)
   at Microsoft.AspNetCore.Mvc.Infrastructure.ControllerActionInvoker.Next(State& next, Scope& scope, Object& state, Boolean& isCompleted)
   at Microsoft.AspNetCore.Mvc.Infrastructure.ControllerActionInvoker.<InvokeInnerFilterAsync>g__Awaited|13_0(ControllerActionInvoker invoker, Task lastTask, State next, Scope scope, Object state, Boolean isCompleted)
   at Microsoft.AspNetCore.Mvc.Infrastructure.ResourceInvoker.<InvokeFilterPipelineAsync>g__Awaited|20_0(ResourceInvoker invoker, Task lastTask, State next, Scope scope, Object state, Boolean isCompleted)
   at Microsoft.AspNetCore.Mvc.Infrastructure.ResourceInvoker.<InvokeAsync>g__Awaited|17_0(ResourceInvoker invoker, Task task, IDisposable scope)
   at Microsoft.AspNetCore.Mvc.Infrastructure.ResourceInvoker.<InvokeAsync>g__Awaited|17_0(ResourceInvoker invoker, Task task, IDisposable scope)
   at Microsoft.AspNetCore.Authorization.AuthorizationMiddleware.Invoke(HttpContext context)
   at Swashbuckle.AspNetCore.SwaggerUI.SwaggerUIMiddleware.Invoke(HttpContext httpContext)
   at Swashbuckle.AspNetCore.Swagger.SwaggerMiddleware.Invoke(HttpContext httpContext, ISwaggerProvider swaggerProvider)
   at Serilog.AspNetCore.RequestLoggingMiddleware.Invoke(HttpContext httpContext)
   at Restaurant.API.Middlewares.RequestTimeLoggingMiddleware.InvokeAsync(HttpContext context, RequestDelegate next) in C:\Users\USER\OneDrive\Desktop\VisualStudioFolder\vsPorjects\IndividualProjects\RestaurantProject\Restaurant.API\Middlewares\RequestTimeLoggingMiddleware.cs:line 10
   at Microsoft.AspNetCore.Builder.UseMiddlewareExtensions.InterfaceMiddlewareBinder.<>c__DisplayClass2_0.<<CreateMiddleware>b__0>d.MoveNext()
--- End of stack trace from previous location ---
   at Restaurant.API.Middlewares.ErrorHandlingMiddleware.InvokeAsync(HttpContext context, RequestDelegate next) in C:\Users\USER\OneDrive\Desktop\VisualStudioFolder\vsPorjects\IndividualProjects\RestaurantProject\Restaurant.API\Middlewares\ErrorHandlingMiddleware.cs:line 11
